============================= test session starts =============================
platform win32 -- Python 3.14.0, pytest-8.3.3, pluggy-1.6.0 -- C:\Python314\python.exe
cachedir: .pytest_cache
rootdir: C:\Projects\AI tickets classifier PROJECT\ai-ticket-classifier
configfile: pytest.ini
plugins: anyio-4.11.0, cov-5.0.0, mock-3.14.0
pytest : C:\Python314\Lib\site-packages\openai\_compat.py:48: 
UserWarning: Core Pydantic V1 functionality isn't compatible with 
Python 3.14 or greater.
строка:1 знак:1
+ pytest -s tests/test_api_endpoints.py > test_output.txt 2>&1
+ ~~~~~~~~~~~~~~~~~~~~~~~~~~~~~~~~~~~~~~~~~~~~~~~~~~~~~~~~~~~~
    + CategoryInfo          : NotSpecified: (C:\Python314\Li....14 or g 
   reater.:String) [], RemoteException
    + FullyQualifiedErrorId : NativeCommandError
 
  from pydantic.v1.typing import (
collecting ... collected 5 items

tests/test_api_endpoints.py::test_feedback_endpoint DEBUG: Response: {'error': 'Validation error', 'message': "1 validation error for FeedbackRequest\ncorrect\n  Field required [type=missing, input_value={'request_id': 'test-req-...comments': 'Great job!'}, input_type=dict]\n    For further information visit https://errors.pydantic.dev/2.12/v/missing"}
FAILED

================================== FAILURES ===================================
___________________________ test_feedback_endpoint ____________________________
tests\test_api_endpoints.py:28: in test_feedback_endpoint
    assert response.status_code == 200
E   assert 400 == 200
E    +  where 400 = <WrapperTestResponse 283 bytes [400 BAD REQUEST]>.status_code

---------- coverage: platform win32, python 3.14.0-final-0 -----------
Name                           Stmts   Miss  Cover   Missing
------------------------------------------------------------
app.py                           513    306    40%   14-34, 67-68, 75-78, 86, 97-102, 125, 141-159, 176, 180-188, 193-198, 203-205, 211-212, 223-234, 240-241, 247-248, 275, 280, 285, 290-295, 301-336, 350-354, 365, 379-394, 398-411, 415, 419-426, 431-437, 442, 447, 474-476, 506, 519, 532-546, 558-568, 580-603, 612-716, 726-833, 842-853, 860-876, 884, 891, 900, 909-912, 920, 928-931, 943-948, 957-960, 967-973
middleware\__init__.py             0      0   100%
middleware\auth.py               177    130    27%   29, 35-36, 68, 73, 78-106, 117-141, 146-166, 171-206, 214-248, 259-313, 321-349
providers\__init__.py              0      0   100%
providers\gemini_provider.py      41     41     0%   1-204
providers\multi_provider.py      218    165    24%   46-58, 62-63, 67-72, 76-79, 94-138, 140, 149-153, 160-163, 170-296, 300-345, 348-360, 364-365, 369-374, 378-379, 382-383, 387
------------------------------------------------------------
TOTAL                            949    642    32%
Coverage HTML written to dir htmlcov

FAIL Required test coverage of 75% not reached. Total coverage: 32.35%
=========================== short test summary info ===========================
FAILED tests/test_api_endpoints.py::test_feedback_endpoint - assert 400 == 200
!!!!!!!!!!!!!!!!!!!!!!!!!! stopping after 1 failures !!!!!!!!!!!!!!!!!!!!!!!!!!
============================== 1 failed in 5.88s ==============================
